
> frontend@0.1.0 dev
> next dev

   ▲ Next.js 16.0.1 (Turbopack)
   - Local:        http://localhost:3000
   - Network:      http://192.168.56.1:3000
   - Environments: .env

 ✓ Starting...
 ✓ Ready in 679ms
 GET / 200 in 1589ms (compile: 1494ms, render: 95ms)
 GET / 200 in 108ms (compile: 10ms, render: 97ms)
 GET / 200 in 76ms (compile: 7ms, render: 69ms)
 GET / 200 in 71ms (compile: 7ms, render: 64ms)
 GET / 200 in 74ms (compile: 7ms, render: 67ms)
 GET / 200 in 65ms (compile: 7ms, render: 58ms)
 GET / 200 in 61ms (compile: 4ms, render: 57ms)
 GET / 200 in 72ms (compile: 6ms, render: 66ms)
 GET / 200 in 111ms (compile: 14ms, render: 97ms)
 GET / 200 in 89ms (compile: 8ms, render: 81ms)
 GET / 200 in 84ms (compile: 9ms, render: 74ms)
 ✓ Compiled in 28ms
