Failed to persist video library: Error: EACCES: permission denied, open '/home/ubuntu/rudhra/backend/uploads/library.json'
    at writeFileSync (node:fs:2368:20)
    at persistLibrary (file:///home/ubuntu/rudhra/backend/server.js:49:5)
    at loadLibrary (file:///home/ubuntu/rudhra/backend/server.js:57:5)
    at file:///home/ubuntu/rudhra/backend/server.js:117:1
    at ModuleJob.run (node:internal/modules/esm/module_job:325:25)
    at async ModuleLoader.import (node:internal/modules/esm/loader:606:24)
    at async asyncRunEntryPointWithESMLoader (node:internal/modules/run_main:117:5) {
  errno: -13,
  code: 'EACCES',
  syscall: 'open',
  path: '/home/ubuntu/rudhra/backend/uploads/library.json'
}
Failed to persist video library: Error: EACCES: permission denied, open '/home/ubuntu/rudhra/backend/uploads/library.json'
    at writeFileSync (node:fs:2368:20)
    at persistLibrary (file:///home/ubuntu/rudhra/backend/server.js:49:5)
    at syncLibraryWithDisk (file:///home/ubuntu/rudhra/backend/server.js:111:5)
    at file:///home/ubuntu/rudhra/backend/server.js:118:1
    at ModuleJob.run (node:internal/modules/esm/module_job:325:25)
    at async ModuleLoader.import (node:internal/modules/esm/loader:606:24)
    at async asyncRunEntryPointWithESMLoader (node:internal/modules/run_main:117:5) {
  errno: -13,
  code: 'EACCES',
  syscall: 'open',
  path: '/home/ubuntu/rudhra/backend/uploads/library.json'
}
Server running on http://localhost:3010
